#
# A fatal error has been detected by the Java Runtime Environment:
#
#  EXCEPTION_ACCESS_VIOLATION (0xc0000005) at pc=0x00007ffb328b6b07, pid=50544, tid=25908
#
# JRE version: OpenJDK Runtime Environment (23.0.2+7) (build 23.0.2+7-58)
# Java VM: OpenJDK 64-Bit Server VM (23.0.2+7-58, mixed mode, sharing, tiered, compressed oops, compressed class ptrs, g1 gc, windows-amd64)
# Problematic frame:
# C  [glass.dll+0x26b07]
#
# No core dump will be written. Minidumps are not enabled by default on client versions of Windows
#
# If you would like to submit a bug report, please visit:
#   https://bugreport.java.com/bugreport/crash.jsp
#

---------------  S U M M A R Y ------------

Command Line: -javaagent:C:\Program Files\JetBrains\IntelliJ IDEA 2024.2.1\lib\idea_rt.jar=62020:C:\Program Files\JetBrains\IntelliJ IDEA 2024.2.1\bin -Dfile.encoding=UTF-8 -Dsun.stdout.encoding=UTF-8 -Dsun.stderr.encoding=UTF-8 org.example.Launcher

Host: 11th Gen Intel(R) Core(TM) i7-11370H @ 3.30GHz, 8 cores, 15G,  Windows 11 , 64 bit Build 26100 (10.0.26100.8115)
Time: Sun Apr 12 14:12:01 2026 Afr. centrale Ouest elapsed time: 218.775152 seconds (0d 0h 3m 38s)

---------------  T H R E A D  ---------------

Current thread (0x00000197bf7511b0):  VMThread "VM Thread"          [id=25908, stack(0x000000207e100000,0x000000207e200000) (1024K)]

Stack: [0x000000207e100000,0x000000207e200000],  sp=0x000000207e1ff070,  free space=1020k
Native frames: (J=compiled Java code, j=interpreted, Vv=VM code, C=native code)
C  [glass.dll+0x26b07]  (no source info available)
C  [ucrtbase.dll+0x4bc75]  (no source info available)
C  [ucrtbase.dll+0x4b897]  (no source info available)
C  [ucrtbase.dll+0x4b84d]  (no source info available)
C  [glass.dll+0x24261]  (no source info available)
C  [glass.dll+0x24386]  (no source info available)
C  [ntdll.dll+0x15f74a]  (no source info available)
C  [ntdll.dll+0xbc23]  (no source info available)
C  [ntdll.dll+0x8d36f]  (no source info available)
C  [ntdll.dll+0x8c53e]  (no source info available)
C  [KERNEL32.DLL+0x418bb]  (no source info available)
C  [ucrtbase.dll+0xa00b3]  (no source info available)
V  [jvm.dll+0x6d9b3c]  (no source info available)
V  [jvm.dll+0x6d9670]  (no source info available)
V  [jvm.dll+0x3da724]  (no source info available)
V  [jvm.dll+0x886d50]  (no source info available)
V  [jvm.dll+0x888077]  (no source info available)
V  [jvm.dll+0x8885a8]  (no source info available)
V  [jvm.dll+0x888843]  (no source info available)
V  [jvm.dll+0x8254cb]  (no source info available)
V  [jvm.dll+0x6df345]  (no source info available)
C  [ucrtbase.dll+0x37b0]  (no source info available)
C  [KERNEL32.DLL+0x2e8d7]  (no source info available)
C  [ntdll.dll+0x8c3fc]  (no source info available)


siginfo: EXCEPTION_ACCESS_VIOLATION (0xc0000005), reading address 0x0000000000000000


Registers:
RAX=0x0000000000000000, RBX=0x00000197bf75ba22, RCX=0x00000197bf7511b0, RDX=0x000000207e1ff070
RSP=0x000000207e1ff070, RBP=0x00002c96941aaa68, RSI=0x0000019805ab70e8, RDI=0x0000019805ab70c0
R8 =0x0000000000010002, R9 =0x00002c96941aaa68, R10=0x000001979e420000, R11=0x0000019805b10e20
R12=0x000000007ffe0385, R13=0x0000000000000001, R14=0x000000207e1ff178, R15=0x0000019805ab70c0
RIP=0x00007ffb328b6b07, EFLAGS=0x0000000000010202


Register to memory mapping:

RAX=0x0 is null
RBX=0x00000197bf75ba22 is a global jni handle
RCX=0x00000197bf7511b0 points into unknown readable memory: 0x00007ffb2cbe0708 | 08 07 be 2c fb 7f 00 00
RDX=0x000000207e1ff070 points into unknown readable memory: 0x0000000000000000 | 00 00 00 00 00 00 00 00
RSP=0x000000207e1ff070 points into unknown readable memory: 0x0000000000000000 | 00 00 00 00 00 00 00 00
RBP=0x00002c96941aaa68 is an unknown value
RSI=0x0000019805ab70e8 points into unknown readable memory: 0x00002c96941aaa68 | 68 aa 1a 94 96 2c 00 00
RDI=0x0000019805ab70c0 points into unknown readable memory: 0x8b3ec0969465515a | 5a 51 65 94 96 c0 3e 8b
R8 =0x0000000000010002 is an unknown value
R9 =0x00002c96941aaa68 is an unknown value
R10=0x000001979e420000 points into unknown readable memory: 0x0000000000000000 | 00 00 00 00 00 00 00 00
R11=0x0000019805b10e20 points into unknown readable memory: 0x0000019805297350 | 50 73 29 05 98 01 00 00
R12=0x000000007ffe0385 points into unknown readable memory: 00 00 00
R13=0x0000000000000001 is an unknown value
R14=0x000000207e1ff178 points into unknown readable memory: 0x000000207e1ff160 | 60 f1 1f 7e 20 00 00 00
R15=0x0000019805ab70c0 points into unknown readable memory: 0x8b3ec0969465515a | 5a 51 65 94 96 c0 3e 8b

Top of Stack: (sp=0x000000207e1ff070)
0x000000207e1ff070:   0000000000000000 0000019800000000
0x000000207e1ff080:   0000019805b52f30 000000007ffe0385
0x000000207e1ff090:   0000019805ab70c8 00007ffb8e40bc75
0x000000207e1ff0a0:   0000019805ab70c0 0000019800000000
0x000000207e1ff0b0:   0000019805ab70e0 00002c96941aaa68
0x000000207e1ff0c0:   fffffffffffffffe 00007ffb8f141b8b
0x000000207e1ff0d0:   00007ffb32890000 00007ffb32890000
0x000000207e1ff0e0:   000000207e1ff168 00007ffb8e40b897
0x000000207e1ff0f0:   000000207e1ff100 000000207e1ff178
0x000000207e1ff100:   000000207e1ff6c0 00007ffb8e4f88c0
0x000000207e1ff110:   0000000000000001 00007ffb8e40b84d
0x000000207e1ff120:   0000000000000000 0000000000000001
0x000000207e1ff130:   0000000000000000 000000207e1ff168
0x000000207e1ff140:   fffffffffffffffe 000000207e1ff600
0x000000207e1ff150:   0000000000000000 00007ffb328b4261
0x000000207e1ff160:   00007ffb328ca138 00007ffb00000002
0x000000207e1ff170:   0000000000000002 000000207e1ff160
0x000000207e1ff180:   0000000000000000 000001979e5a0000
0x000000207e1ff190:   0000000000000000 00007ffb328b4386
0x000000207e1ff1a0:   0000000000000001 000000007ffe0384
0x000000207e1ff1b0:   0000000000000001 0000176c45090710
0x000000207e1ff1c0:   000000207e1ff6c0 00007ffb8d5b11fe
0x000000207e1ff1d0:   0000019700000001 0000007a0000007a
0x000000207e1ff1e0:   0000000000000000 00007ffb328b43d4
0x000000207e1ff1f0:   0000000000000001 00007ffb9183f74a
0x000000207e1ff200:   00007ffb32890000 0000000000000000
0x000000207e1ff210:   0000000000000001 000000007ffe0384
0x000000207e1ff220:   0000000000000000 00007ffb916ebc23
0x000000207e1ff230:   0000000000000000 000001979e5a0700
0x000000207e1ff240:   000000000000005e 0000000000000000
0x000000207e1ff250:   0000000000000000 0000000000000000
0x000000207e1ff260:   0000000000000000 ffff046700000000 

Instructions: (pc=0x00007ffb328b6b07)
0x00007ffb328b6a07:   8b 4d 58 e8 01 cf ff ff 48 8b 4d 60 e8 f8 ce ff
0x00007ffb328b6a17:   ff 48 8b 95 80 00 00 00 48 8b 8d 18 01 00 00 e8
0x00007ffb328b6a27:   c6 c3 ff ff 33 d2 33 c9 e8 3c e1 ff ff 90 48 89
0x00007ffb328b6a37:   54 24 10 55 48 83 ec 20 48 8b ea 48 b8 00 00 00
0x00007ffb328b6a47:   00 00 00 00 00 48 83 c4 20 5d c3 cc 40 55 48 8b
0x00007ffb328b6a57:   ea 48 8b 01 33 c9 81 38 05 00 00 c0 0f 94 c1 8b
0x00007ffb328b6a67:   c1 5d c3 cc 40 55 48 83 ec 20 48 8b ea 8a 4d 40
0x00007ffb328b6a77:   48 83 c4 20 5d e9 f7 d2 ff ff cc 40 55 48 83 ec
0x00007ffb328b6a87:   20 48 8b ea 8a 4d 20 e8 e5 d2 ff ff 90 48 83 c4
0x00007ffb328b6a97:   20 5d c3 cc 40 55 48 83 ec 20 48 8b ea 48 83 c4
0x00007ffb328b6aa7:   20 5d e9 46 d1 ff ff cc 40 55 48 83 ec 30 48 8b
0x00007ffb328b6ab7:   ea 48 8b 01 8b 10 48 89 4c 24 28 89 54 24 20 4c
0x00007ffb328b6ac7:   8d 0d e7 d5 ff ff 4c 8b 45 70 8b 55 68 48 8b 4d
0x00007ffb328b6ad7:   60 e8 87 d0 ff ff 90 48 83 c4 30 5d c3 cc cc cc
0x00007ffb328b6ae7:   cc cc cc cc cc cc cc cc cc 40 53 48 83 ec 20 48
0x00007ffb328b6af7:   8b 1d 33 30 01 00 48 85 db 74 16 e8 09 8b ff ff
0x00007ffb328b6b07:   4c 8b 00 48 8b d3 48 8b c8 41 ff 90 b0 00 00 00
0x00007ffb328b6b17:   90 48 83 c4 20 5b c3 cc cc 40 53 48 83 ec 20 48
0x00007ffb328b6b27:   8b 1d ab 31 01 00 48 85 db 74 57 b8 ff ff ff ff
0x00007ffb328b6b37:   f0 0f c1 43 10 83 f8 01 75 3d 48 85 db 74 38 48
0x00007ffb328b6b47:   8b 0b 48 85 c9 74 0d ff 15 54 07 00 00 48 c7 03
0x00007ffb328b6b57:   00 00 00 00 48 8b 4b 08 48 85 c9 74 0d e8 a7 cd
0x00007ffb328b6b67:   ff ff 48 c7 43 08 00 00 00 00 ba 18 00 00 00 48
0x00007ffb328b6b77:   8b cb e8 92 cd ff ff 48 c7 05 4f 31 01 00 00 00
0x00007ffb328b6b87:   00 00 48 83 c4 20 5b c3 cc 40 53 48 83 ec 20 48
0x00007ffb328b6b97:   8b 1d 1b 31 01 00 48 85 db 74 57 b8 ff ff ff ff
0x00007ffb328b6ba7:   f0 0f c1 43 10 83 f8 01 75 3d 48 85 db 74 38 48
0x00007ffb328b6bb7:   8b 0b 48 85 c9 74 0d ff 15 e4 06 00 00 48 c7 03
0x00007ffb328b6bc7:   00 00 00 00 48 8b 4b 08 48 85 c9 74 0d e8 37 cd
0x00007ffb328b6bd7:   ff ff 48 c7 43 08 00 00 00 00 ba 18 00 00 00 48
0x00007ffb328b6be7:   8b cb e8 22 cd ff ff 48 c7 05 bf 30 01 00 00 00
0x00007ffb328b6bf7:   00 00 48 83 c4 20 5b c3 cc 40 53 48 83 ec 20 48 


Stack slot to memory mapping:

stack at sp + 0 slots: 0x0 is null
stack at sp + 1 slots: 0x0000019800000000 is an unknown value
stack at sp + 2 slots: 0x0000019805b52f30 points into unknown readable memory: 0x0000019805b52bd0 | d0 2b b5 05 98 01 00 00
stack at sp + 3 slots: 0x000000007ffe0385 points into unknown readable memory: 00 00 00
stack at sp + 4 slots: 0x0000019805ab70c8 points into unknown readable memory: 0x00002c96941aaa68 | 68 aa 1a 94 96 2c 00 00
stack at sp + 5 slots: 0x00007ffb8e40bc75 ucrtbase.dll
stack at sp + 6 slots: 0x0000019805ab70c0 points into unknown readable memory: 0x8b3ec0969465515a | 5a 51 65 94 96 c0 3e 8b
stack at sp + 7 slots: 0x0000019800000000 is an unknown value

VM_Operation (0x00000020002ff250): Exit, mode: safepoint, requested by thread 0x000001980aac1880


---------------  P R O C E S S  ---------------

Threads class SMR info:
_java_thread_list=0x000001980a8caab0, length=20, elements={
0x000001979ea2cc60, 0x00000197bf76ed20, 0x00000197bf771c80, 0x00000197bf774c00,
0x00000197bf7782d0, 0x00000197bf77a050, 0x00000197bf77c6f0, 0x0000019805002970,
0x00000197bf73e8a0, 0x0000019805387b50, 0x00000198053881c0, 0x000001980539a370,
0x0000019805872440, 0x0000019805b61650, 0x0000019805b68160, 0x000001980a073b10,
0x000001980a4b5620, 0x000001980aabfe40, 0x000001980aac04d0, 0x000001980aac1880
}

Java Threads: ( => current thread )
  0x000001979ea2cc60 JavaThread "main"                              [_thread_blocked, id=50932, stack(0x000000207da00000,0x000000207db00000) (1024K)]
  0x00000197bf76ed20 JavaThread "Reference Handler"          daemon [_thread_blocked, id=30616, stack(0x000000207e200000,0x000000207e300000) (1024K)]
  0x00000197bf771c80 JavaThread "Finalizer"                  daemon [_thread_blocked, id=37944, stack(0x000000207e300000,0x000000207e400000) (1024K)]
  0x00000197bf774c00 JavaThread "Attach Listener"            daemon [_thread_blocked, id=28456, stack(0x000000207e500000,0x000000207e600000) (1024K)]
  0x00000197bf7782d0 JavaThread "Service Thread"             daemon [_thread_blocked, id=3028, stack(0x000000207e600000,0x000000207e700000) (1024K)]
  0x00000197bf77a050 JavaThread "Monitor Deflation Thread"   daemon [_thread_blocked, id=46276, stack(0x000000207e700000,0x000000207e800000) (1024K)]
  0x00000197bf77c6f0 JavaThread "C2 CompilerThread0"         daemon [_thread_blocked, id=48668, stack(0x000000207e800000,0x000000207e900000) (1024K)]
  0x0000019805002970 JavaThread "C1 CompilerThread0"         daemon [_thread_blocked, id=46036, stack(0x000000207e900000,0x000000207ea00000) (1024K)]
  0x00000197bf73e8a0 JavaThread "Common-Cleaner"             daemon [_thread_blocked, id=53764, stack(0x000000207ea00000,0x000000207eb00000) (1024K)]
  0x0000019805387b50 JavaThread "Monitor Ctrl-Break"         daemon [_thread_in_native, id=8768, stack(0x000000207ec00000,0x000000207ed00000) (1024K)]
  0x00000198053881c0 JavaThread "Notification Thread"        daemon [_thread_blocked, id=23936, stack(0x000000207ed00000,0x000000207ee00000) (1024K)]
  0x000001980539a370 JavaThread "JavaFX-Launcher"                   [_thread_blocked, id=23652, stack(0x000000207ee00000,0x000000207ef00000) (1024K)]
  0x0000019805872440 JavaThread "QuantumRenderer-0"          daemon [_thread_blocked, id=53360, stack(0x000000207ef00000,0x000000207f000000) (1024K)]
  0x0000019805b61650 JavaThread "InvokeLaterDispatcher"      daemon [_thread_blocked, id=53112, stack(0x000000207f100000,0x000000207f200000) (1024K)]
  0x0000019805b68160 JavaThread "JavaFX Application Thread"         [_thread_in_native, id=12608, stack(0x000000207f200000,0x000000207f300000) (1024K)]
  0x000001980a073b10 JavaThread "Thread-2"                   daemon [_thread_in_native, id=51180, stack(0x000000207f600000,0x000000207f700000) (1024K)]
  0x000001980a4b5620 JavaThread "mysql-cj-abandoned-connection-cleanup" daemon [_thread_blocked, id=20252, stack(0x000000207fe00000,0x000000207ff00000) (1024K)]
  0x000001980aabfe40 JavaThread "Prism Font Disposer"        daemon [_thread_blocked, id=20692, stack(0x0000002000000000,0x0000002000100000) (1024K)]
  0x000001980aac04d0 JavaThread "Cleaner-0"                  daemon [_thread_blocked, id=51136, stack(0x0000002000300000,0x0000002000400000) (1024K)]
  0x000001980aac1880 JavaThread "SIGINT handler"             daemon [_thread_blocked, id=4680, stack(0x0000002000200000,0x0000002000300000) (1024K)]
Total: 20

Other Threads:
=>0x00000197bf7511b0 VMThread "VM Thread"                           [id=25908, stack(0x000000207e100000,0x000000207e200000) (1024K)]
  0x000001979ea93970 WorkerThread "GC Thread#0"                     [id=48568, stack(0x000000207db00000,0x000000207dc00000) (1024K)]
  0x00000197bf752070 WorkerThread "GC Thread#1"                     [id=8176, stack(0x000000207f700000,0x000000207f800000) (1024K)]
  0x00000197bf7527d0 WorkerThread "GC Thread#2"                     [id=49064, stack(0x000000207f800000,0x000000207f900000) (1024K)]
  0x00000197bf750e00 WorkerThread "GC Thread#3"                     [id=21756, stack(0x000000207f900000,0x000000207fa00000) (1024K)]
  0x000001980a2bc690 WorkerThread "GC Thread#4"                     [id=13784, stack(0x000000207fa00000,0x000000207fb00000) (1024K)]
  0x000001980a2bb7d0 WorkerThread "GC Thread#5"                     [id=50356, stack(0x000000207fb00000,0x000000207fc00000) (1024K)]
  0x000001980a2bca40 WorkerThread "GC Thread#6"                     [id=52424, stack(0x000000207fc00000,0x000000207fd00000) (1024K)]
  0x000001980a2ba1b0 WorkerThread "GC Thread#7"                     [id=51156, stack(0x000000207fd00000,0x000000207fe00000) (1024K)]
  0x000001979eae7130 ConcurrentGCThread "G1 Main Marker"            terminated
  0x000001979eae9290 WorkerThread "G1 Conc#0"                       [id=52672, stack(0x000000207dd00000,0x000000207de00000) (1024K)]
  0x000001980a2bd900 WorkerThread "G1 Conc#1"                       [id=52772, stack(0x0000002000100000,0x0000002000200000) (1024K)]
  0x00000197bf5ffce0 ConcurrentGCThread "G1 Refine#0"               terminated
  0x00000197bf600700 ConcurrentGCThread "G1 Service"                terminated
Total: 14

Threads with active compile tasks:
Total: 0

VM state: at safepoint (shutting down)

VM Mutex/Monitor currently owned by a thread:  ([mutex/lock_event])
[0x00007ffb2cdb4888] Threads_lock - owner thread: 0x00000197bf7511b0
[0x00007ffb2cdb4988] Heap_lock - owner thread: 0x000001980aac1880

Heap address: 0x0000000703e00000, size: 4034 MB, Compressed Oops mode: Zero based, Oop shift amount: 3

CDS archive(s) mapped at: [0x00000197c0000000-0x00000197c0d70000-0x00000197c0d70000), size 14090240, SharedBaseAddress: 0x00000197c0000000, ArchiveRelocationMode: 1.
Compressed class space mapped at: 0x00000197c1000000-0x0000019801000000, reserved size: 1073741824
Narrow klass base: 0x00000197c0000000, Narrow klass shift: 0, Narrow klass range: 0x41000000

GC Precious Log:
 CardTable entry size: 512
 Card Set container configuration: InlinePtr #cards 4 size 8 Array Of Cards #cards 16 size 48 Howl #buckets 8 coarsen threshold 3686 Howl Bitmap #cards 512 size 80 coarsen threshold 460 Card regions per heap region 1 cards per card region 4096
 CPUs: 8 total, 8 available
 Memory: 16129M
 Large Page Support: Disabled
 NUMA Support: Disabled
 Compressed Oops: Enabled (Zero based)
 Heap Region Size: 2M
 Heap Min Capacity: 8M
 Heap Initial Capacity: 254M
 Heap Max Capacity: 4034M
 Pre-touch: Disabled
 Parallel Workers: 8
 Concurrent Workers: 2
 Concurrent Refinement Workers: 8
 Periodic GC: Disabled

Heap:
 garbage-first heap   total reserved 4130816K, committed 61440K, used 41684K [0x0000000703e00000, 0x0000000800000000)
  region size 2048K, 15 young (30720K), 3 survivors (6144K)
 Metaspace       used 23939K, committed 24256K, reserved 1114112K
  class space    used 3296K, committed 3456K, reserved 1048576K

Heap Regions: E=young(eden), S=young(survivor), O=old, HS=humongous(starts), HC=humongous(continues), CS=collection set, F=free, TAMS=top-at-mark-start, PB=parsable bottom
|   0|0x0000000703e00000, 0x0000000704000000, 0x0000000704000000|100%| O|  |TAMS 0x0000000703e00000| PB 0x0000000703e00000| Untracked |  0
|   1|0x0000000704000000, 0x0000000704200000, 0x0000000704200000|100%| O|  |TAMS 0x0000000704000000| PB 0x0000000704000000| Untracked |  0
|   2|0x0000000704200000, 0x0000000704400000, 0x0000000704400000|100%| O|  |TAMS 0x0000000704200000| PB 0x0000000704200000| Untracked |  0
|   3|0x0000000704400000, 0x0000000704400000, 0x0000000704600000|  0%| F|  |TAMS 0x0000000704400000| PB 0x0000000704400000| Untracked |  0
|   4|0x0000000704600000, 0x0000000704800000, 0x0000000704800000|100%| O|  |TAMS 0x0000000704600000| PB 0x0000000704600000| Untracked |  0
|   5|0x0000000704800000, 0x00000007048b5228, 0x0000000704a00000| 35%| O|  |TAMS 0x0000000704800000| PB 0x0000000704800000| Untracked |  0
|   6|0x0000000704a00000, 0x0000000704c00000, 0x0000000704c00000|100%|HS|  |TAMS 0x0000000704a00000| PB 0x0000000704a00000| Complete |  0
|   7|0x0000000704c00000, 0x0000000704e00000, 0x0000000704e00000|100%|HS|  |TAMS 0x0000000704c00000| PB 0x0000000704c00000| Complete |  0
|   8|0x0000000704e00000, 0x0000000704e00000, 0x0000000705000000|  0%| F|  |TAMS 0x0000000704e00000| PB 0x0000000704e00000| Untracked |  0
|   9|0x0000000705000000, 0x0000000705000000, 0x0000000705200000|  0%| F|  |TAMS 0x0000000705000000| PB 0x0000000705000000| Untracked |  0
|  10|0x0000000705200000, 0x0000000705200000, 0x0000000705400000|  0%| F|  |TAMS 0x0000000705200000| PB 0x0000000705200000| Untracked |  0
|  11|0x0000000705400000, 0x0000000705400000, 0x0000000705600000|  0%| F|  |TAMS 0x0000000705400000| PB 0x0000000705400000| Untracked |  0
|  12|0x0000000705600000, 0x0000000705600000, 0x0000000705800000|  0%| F|  |TAMS 0x0000000705600000| PB 0x0000000705600000| Untracked |  0
|  13|0x0000000705800000, 0x0000000705800000, 0x0000000705a00000|  0%| F|  |TAMS 0x0000000705800000| PB 0x0000000705800000| Untracked |  0
|  14|0x0000000705a00000, 0x0000000705a00000, 0x0000000705c00000|  0%| F|  |TAMS 0x0000000705a00000| PB 0x0000000705a00000| Untracked |  0
|  15|0x0000000705c00000, 0x0000000705d51f30, 0x0000000705e00000| 66%| E|  |TAMS 0x0000000705c00000| PB 0x0000000705c00000| Complete |  0
|  16|0x0000000705e00000, 0x0000000706000000, 0x0000000706000000|100%| E|CS|TAMS 0x0000000705e00000| PB 0x0000000705e00000| Complete |  0
|  17|0x0000000706000000, 0x0000000706200000, 0x0000000706200000|100%| E|CS|TAMS 0x0000000706000000| PB 0x0000000706000000| Complete |  0
|  18|0x0000000706200000, 0x0000000706400000, 0x0000000706400000|100%| E|CS|TAMS 0x0000000706200000| PB 0x0000000706200000| Complete |  0
|  19|0x0000000706400000, 0x0000000706600000, 0x0000000706600000|100%| E|CS|TAMS 0x0000000706400000| PB 0x0000000706400000| Complete |  0
|  20|0x0000000706600000, 0x0000000706800000, 0x0000000706800000|100%| E|CS|TAMS 0x0000000706600000| PB 0x0000000706600000| Complete |  0
|  21|0x0000000706800000, 0x0000000706a00000, 0x0000000706a00000|100%| E|CS|TAMS 0x0000000706800000| PB 0x0000000706800000| Complete |  0
|  22|0x0000000706a00000, 0x0000000706c00000, 0x0000000706c00000|100%| E|CS|TAMS 0x0000000706a00000| PB 0x0000000706a00000| Complete |  0
|  23|0x0000000706c00000, 0x0000000706e00000, 0x0000000706e00000|100%| E|CS|TAMS 0x0000000706c00000| PB 0x0000000706c00000| Complete |  0
|  24|0x0000000706e00000, 0x0000000707000000, 0x0000000707000000|100%| S|CS|TAMS 0x0000000706e00000| PB 0x0000000706e00000| Complete |  0
|  25|0x0000000707000000, 0x0000000707200000, 0x0000000707200000|100%| S|CS|TAMS 0x0000000707000000| PB 0x0000000707000000| Complete |  0
|  26|0x0000000707200000, 0x0000000707400000, 0x0000000707400000|100%| S|CS|TAMS 0x0000000707200000| PB 0x0000000707200000| Complete |  0
| 111|0x0000000711c00000, 0x0000000711e00000, 0x0000000711e00000|100%| E|CS|TAMS 0x0000000711c00000| PB 0x0000000711c00000| Complete |  0
| 112|0x0000000711e00000, 0x0000000712000000, 0x0000000712000000|100%| E|CS|TAMS 0x0000000711e00000| PB 0x0000000711e00000| Complete |  0
| 126|0x0000000713a00000, 0x0000000713c00000, 0x0000000713c00000|100%| E|CS|TAMS 0x0000000713a00000| PB 0x0000000713a00000| Complete |  0

Card table byte_map: [0x00000197b8c60000,0x00000197b9450000] _byte_map_base: 0x00000197b5441000

Marking Bits: (CMBitMap*) 0x000001979ea94080
 Bits: [0x00000197b9450000, 0x00000197bd358000)

Polling page: 0x000001979e700000

Metaspace:

Usage:
  Non-class:     20.16 MB used.
      Class:      3.22 MB used.
       Both:     23.38 MB used.

Virtual space:
  Non-class space:       64.00 MB reserved,      20.31 MB ( 32%) committed,  1 nodes.
      Class space:        1.00 GB reserved,       3.38 MB ( <1%) committed,  1 nodes.
             Both:        1.06 GB reserved,      23.69 MB (  2%) committed. 

Chunk freelists:
   Non-Class:  11.31 MB
       Class:  12.53 MB
        Both:  23.84 MB

MaxMetaspaceSize: unlimited
CompressedClassSpaceSize: 1.00 GB
Initial GC threshold: 21.00 MB
Current GC threshold: 35.25 MB
CDS: on
 - commit_granule_bytes: 65536.
 - commit_granule_words: 8192.
 - virtual_space_node_default_size: 8388608.
 - enlarge_chunks_in_place: 1.
 - use_allocation_guard: 0.


Internal statistics:

num_allocs_failed_limit: 3.
num_arena_births: 392.
num_arena_deaths: 0.
num_vsnodes_births: 2.
num_vsnodes_deaths: 0.
num_space_committed: 379.
num_space_uncommitted: 0.
num_chunks_returned_to_freelist: 3.
num_chunks_taken_from_freelist: 1159.
num_chunk_merges: 0.
num_chunk_splits: 807.
num_chunks_enlarged: 620.
num_inconsistent_stats: 0.

CodeHeap 'non-profiled nmethods': size=120064Kb used=2763Kb max_used=2763Kb free=117301Kb
 bounds [0x00000197b04d0000, 0x00000197b0790000, 0x00000197b7a10000]
CodeHeap 'profiled nmethods': size=120000Kb used=9834Kb max_used=9834Kb free=110165Kb
 bounds [0x00000197a8a10000, 0x00000197a93b0000, 0x00000197aff40000]
CodeHeap 'non-nmethods': size=5696Kb used=2102Kb max_used=2159Kb free=3593Kb
 bounds [0x00000197aff40000, 0x00000197b01b0000, 0x00000197b04d0000]
CodeCache: size=245760Kb, used=14699Kb, max_used=14756Kb, free=231059Kb
 total_blobs=6981, nmethods=6072, adapters=814, full_count=0
Compilation: enabled, stopped_count=0, restarted_count=0

Compilation events (20 events):
Event: 100.035 Thread 0x0000019805002970 nmethod 6073 0x00000197a93a8b88 code [0x00000197a93a8cc0, 0x00000197a93a8e80]
Event: 100.035 Thread 0x0000019805002970 6074       3       com.sun.javafx.sg.prism.NGShape::setMode (18 bytes)
Event: 100.035 Thread 0x0000019805002970 nmethod 6074 0x00000197a93a8f08 code [0x00000197a93a9040, 0x00000197a93a92a0]
Event: 100.035 Thread 0x0000019805002970 6075       3       javafx.scene.text.Text::getFontInternal (18 bytes)
Event: 100.036 Thread 0x0000019805002970 nmethod 6075 0x00000197a93a9308 code [0x00000197a93a9480, 0x00000197a93a9ab8]
Event: 100.036 Thread 0x0000019805002970 6076       1       com.sun.javafx.sg.prism.NGSVGPath::getShape (5 bytes)
Event: 100.036 Thread 0x0000019805002970 nmethod 6076 0x00000197b0781288 code [0x00000197b07813a0, 0x00000197b0781470]
Event: 100.052 Thread 0x00000197bf77c6f0 nmethod 6070 0x00000197b0781588 code [0x00000197b0781780, 0x00000197b07821c8]
Event: 100.052 Thread 0x00000197bf77c6f0 6077       4       javafx.geometry.Insets::equals (75 bytes)
Event: 100.054 Thread 0x00000197bf77c6f0 nmethod 6077 0x00000197b0782308 code [0x00000197b0782400, 0x00000197b0782508]
Event: 100.054 Thread 0x00000197bf77c6f0 6078       4       java.util.RegularEnumSet::clear (6 bytes)
Event: 100.054 Thread 0x00000197bf77c6f0 nmethod 6078 0x00000197b0782608 code [0x00000197b0782700, 0x00000197b0782780]
Event: 107.883 Thread 0x0000019805002970 6079       3       com.sun.javafx.tk.quantum.GlassWindowEventHandler::handleWindowEvent (22 bytes)
Event: 107.884 Thread 0x0000019805002970 nmethod 6079 0x00000197a93a9b88 code [0x00000197a93a9d00, 0x00000197a93aa268]
Event: 107.884 Thread 0x0000019805002970 6080       3       com.sun.javafx.tk.quantum.GlassWindowEventHandler$$Lambda/0x00000197c124f770::<init> (10 bytes)
Event: 107.884 Thread 0x0000019805002970 nmethod 6080 0x00000197a93aa308 code [0x00000197a93aa420, 0x00000197a93aa5e0]
Event: 107.884 Thread 0x0000019805002970 6081       3       com.sun.javafx.tk.quantum.GlassWindowEventHandler::run (5 bytes)
Event: 107.885 Thread 0x0000019805002970 nmethod 6081 0x00000197a93aa608 code [0x00000197a93aa720, 0x00000197a93aa878]
Event: 218.052 Thread 0x0000019805002970 6082       1       java.util.logging.LogManager$LoggerContext::getOwner (5 bytes)
Event: 218.053 Thread 0x0000019805002970 nmethod 6082 0x00000197b0782908 code [0x00000197b0782a20, 0x00000197b0782af0]

GC Heap History (8 events):
Event: 1.065 GC heap before
{Heap before GC invocations=0 (full 0):
 garbage-first heap   total reserved 4130816K, committed 260096K, used 22528K [0x0000000703e00000, 0x0000000800000000)
  region size 2048K, 12 young (24576K), 0 survivors (0K)
 Metaspace       used 8481K, committed 8768K, reserved 1114112K
  class space    used 1056K, committed 1216K, reserved 1048576K
}
Event: 1.070 GC heap after
{Heap after GC invocations=1 (full 0):
 garbage-first heap   total reserved 4130816K, committed 260096K, used 5240K [0x0000000703e00000, 0x0000000800000000)
  region size 2048K, 2 young (4096K), 2 survivors (4096K)
 Metaspace       used 8481K, committed 8768K, reserved 1114112K
  class space    used 1056K, committed 1216K, reserved 1048576K
}
Event: 1.940 GC heap before
{Heap before GC invocations=1 (full 0):
 garbage-first heap   total reserved 4130816K, committed 260096K, used 25720K [0x0000000703e00000, 0x0000000800000000)
  region size 2048K, 12 young (24576K), 2 survivors (4096K)
 Metaspace       used 15217K, committed 15552K, reserved 1114112K
  class space    used 2032K, committed 2176K, reserved 1048576K
}
Event: 1.948 GC heap after
{Heap after GC invocations=2 (full 0):
 garbage-first heap   total reserved 4130816K, committed 260096K, used 8982K [0x0000000703e00000, 0x0000000800000000)
  region size 2048K, 2 young (4096K), 2 survivors (4096K)
 Metaspace       used 15217K, committed 15552K, reserved 1114112K
  class space    used 2032K, committed 2176K, reserved 1048576K
}
Event: 8.426 GC heap before
{Heap before GC invocations=2 (full 0):
 garbage-first heap   total reserved 4130816K, committed 260096K, used 33558K [0x0000000703e00000, 0x0000000800000000)
  region size 2048K, 14 young (28672K), 2 survivors (4096K)
 Metaspace       used 21217K, committed 21504K, reserved 1114112K
  class space    used 3064K, committed 3200K, reserved 1048576K
}
Event: 8.431 GC heap after
{Heap after GC invocations=3 (full 0):
 garbage-first heap   total reserved 4130816K, committed 260096K, used 14903K [0x0000000703e00000, 0x0000000800000000)
  region size 2048K, 2 young (4096K), 2 survivors (4096K)
 Metaspace       used 21217K, committed 21504K, reserved 1114112K
  class space    used 3064K, committed 3200K, reserved 1048576K
}
Event: 64.757 GC heap before
{Heap before GC invocations=4 (full 0):
 garbage-first heap   total reserved 4130816K, committed 55296K, used 53815K [0x0000000703e00000, 0x0000000800000000)
  region size 2048K, 19 young (38912K), 2 survivors (4096K)
 Metaspace       used 23515K, committed 23872K, reserved 1114112K
  class space    used 3285K, committed 3456K, reserved 1048576K
}
Event: 64.764 GC heap after
{Heap after GC invocations=5 (full 0):
 garbage-first heap   total reserved 4130816K, committed 61440K, used 19156K [0x0000000703e00000, 0x0000000800000000)
  region size 2048K, 3 young (6144K), 3 survivors (6144K)
 Metaspace       used 23515K, committed 23872K, reserved 1114112K
  class space    used 3285K, committed 3456K, reserved 1048576K
}

Dll operation events (20 events):
Event: 0.434 Loaded shared library C:\Users\21658\.openjfx\cache\17.0.6\api-ms-win-crt-heap-l1-1-0.dll
Event: 0.438 Loaded shared library C:\Users\21658\.openjfx\cache\17.0.6\api-ms-win-crt-locale-l1-1-0.dll
Event: 0.441 Loaded shared library C:\Users\21658\.openjfx\cache\17.0.6\api-ms-win-crt-math-l1-1-0.dll
Event: 0.445 Loaded shared library C:\Users\21658\.openjfx\cache\17.0.6\api-ms-win-crt-multibyte-l1-1-0.dll
Event: 0.450 Loaded shared library C:\Users\21658\.openjfx\cache\17.0.6\api-ms-win-crt-private-l1-1-0.dll
Event: 0.453 Loaded shared library C:\Users\21658\.openjfx\cache\17.0.6\api-ms-win-crt-process-l1-1-0.dll
Event: 0.457 Loaded shared library C:\Users\21658\.openjfx\cache\17.0.6\api-ms-win-crt-runtime-l1-1-0.dll
Event: 0.461 Loaded shared library C:\Users\21658\.openjfx\cache\17.0.6\api-ms-win-crt-stdio-l1-1-0.dll
Event: 0.465 Loaded shared library C:\Users\21658\.openjfx\cache\17.0.6\api-ms-win-crt-string-l1-1-0.dll
Event: 0.470 Loaded shared library C:\Users\21658\.openjfx\cache\17.0.6\api-ms-win-crt-time-l1-1-0.dll
Event: 0.475 Loaded shared library C:\Users\21658\.openjfx\cache\17.0.6\api-ms-win-crt-utility-l1-1-0.dll
Event: 0.490 Loaded shared library C:\Users\21658\.openjfx\cache\17.0.6\ucrtbase.dll
Event: 0.494 Loaded shared library C:\Users\21658\.openjfx\cache\17.0.6\vcruntime140.dll
Event: 0.499 Loaded shared library C:\Users\21658\.openjfx\cache\17.0.6\vcruntime140_1.dll
Event: 0.508 Loaded shared library C:\Users\21658\.openjfx\cache\17.0.6\msvcp140.dll
Event: 0.512 Loaded shared library C:\Users\21658\.openjfx\cache\17.0.6\msvcp140_1.dll
Event: 0.518 Loaded shared library C:\Users\21658\.openjfx\cache\17.0.6\msvcp140_2.dll
Event: 0.574 Loaded shared library C:\Users\21658\.openjfx\cache\17.0.6\prism_d3d.dll
Event: 0.663 Loaded shared library C:\Users\21658\.openjfx\cache\17.0.6\glass.dll
Event: 1.045 Loaded shared library C:\Users\21658\.openjfx\cache\17.0.6\javafx_font.dll

Deoptimization events (20 events):
Event: 99.921 Thread 0x0000019805b68160 Uncommon trap: trap_request=0xffffffbe fr.pc=0x00000197b0778028 relative=0x0000000000000a08
Event: 99.921 Thread 0x0000019805b68160 Uncommon trap: reason=profile_predicate action=maybe_recompile pc=0x00000197b0778028 method=java.util.TimSort.binarySort([Ljava/lang/Object;IIILjava/util/Comparator;)V @ 73 c2
Event: 99.921 Thread 0x0000019805b68160 DEOPT PACKING pc=0x00000197b0778028 sp=0x000000207f2fa320
Event: 99.921 Thread 0x0000019805b68160 DEOPT UNPACKING pc=0x00000197aff97982 sp=0x000000207f2fa2d0 mode 2
Event: 99.928 Thread 0x0000019805b68160 Uncommon trap: trap_request=0xffffffbe fr.pc=0x00000197b0778028 relative=0x0000000000000a08
Event: 99.928 Thread 0x0000019805b68160 Uncommon trap: reason=profile_predicate action=maybe_recompile pc=0x00000197b0778028 method=java.util.TimSort.binarySort([Ljava/lang/Object;IIILjava/util/Comparator;)V @ 73 c2
Event: 99.928 Thread 0x0000019805b68160 DEOPT PACKING pc=0x00000197b0778028 sp=0x000000207f2fa360
Event: 99.928 Thread 0x0000019805b68160 DEOPT UNPACKING pc=0x00000197aff97982 sp=0x000000207f2fa310 mode 2
Event: 99.958 Thread 0x0000019805b68160 Uncommon trap: trap_request=0xffffffbe fr.pc=0x00000197b0778028 relative=0x0000000000000a08
Event: 99.958 Thread 0x0000019805b68160 Uncommon trap: reason=profile_predicate action=maybe_recompile pc=0x00000197b0778028 method=java.util.TimSort.binarySort([Ljava/lang/Object;IIILjava/util/Comparator;)V @ 73 c2
Event: 99.958 Thread 0x0000019805b68160 DEOPT PACKING pc=0x00000197b0778028 sp=0x000000207f2fa6d0
Event: 99.958 Thread 0x0000019805b68160 DEOPT UNPACKING pc=0x00000197aff97982 sp=0x000000207f2fa680 mode 2
Event: 99.958 Thread 0x0000019805b68160 Uncommon trap: trap_request=0xffffffbe fr.pc=0x00000197b0778028 relative=0x0000000000000a08
Event: 99.958 Thread 0x0000019805b68160 Uncommon trap: reason=profile_predicate action=maybe_recompile pc=0x00000197b0778028 method=java.util.TimSort.binarySort([Ljava/lang/Object;IIILjava/util/Comparator;)V @ 73 c2
Event: 99.958 Thread 0x0000019805b68160 DEOPT PACKING pc=0x00000197b0778028 sp=0x000000207f2fa650
Event: 99.958 Thread 0x0000019805b68160 DEOPT UNPACKING pc=0x00000197aff97982 sp=0x000000207f2fa600 mode 2
Event: 218.053 Thread 0x000001980be1bea0 Uncommon trap: trap_request=0xffffffcc fr.pc=0x00000197b06e788c relative=0x000000000000034c
Event: 218.053 Thread 0x000001980be1bea0 Uncommon trap: reason=intrinsic_or_type_checked_inlining action=make_not_entrant pc=0x00000197b06e788c method=java.util.Arrays.copyOf([Ljava/lang/Object;ILjava/lang/Class;)[Ljava/lang/Object; @ 35 c2
Event: 218.053 Thread 0x000001980be1bea0 DEOPT PACKING pc=0x00000197b06e788c sp=0x00000020005fedd0
Event: 218.053 Thread 0x000001980be1bea0 DEOPT UNPACKING pc=0x00000197aff97982 sp=0x00000020005fed78 mode 2

Classes loaded (20 events):
Event: 37.104 Loading class java/io/SequenceInputStream
Event: 37.105 Loading class java/io/SequenceInputStream done
Event: 83.332 Loading class jdk/internal/util/regex/Grapheme
Event: 83.333 Loading class jdk/internal/util/regex/Grapheme done
Event: 83.335 Loading class jdk/internal/util/regex/IndicConjunctBreak
Event: 83.335 Loading class jdk/internal/util/regex/IndicConjunctBreak done
Event: 83.566 Loading class sun/text/resources/BreakIteratorInfo
Event: 83.567 Loading class sun/text/resources/BreakIteratorInfo done
Event: 83.568 Loading class sun/text/resources/BreakIteratorResources
Event: 83.568 Loading class sun/util/resources/BreakIteratorResourceBundle
Event: 83.568 Loading class sun/util/resources/BreakIteratorResourceBundle done
Event: 83.568 Loading class sun/text/resources/BreakIteratorResources done
Event: 83.570 Loading class sun/text/RuleBasedBreakIterator
Event: 83.570 Loading class sun/text/RuleBasedBreakIterator done
Event: 83.572 Loading class sun/text/CompactByteArray
Event: 83.572 Loading class sun/text/CompactByteArray done
Event: 83.573 Loading class sun/text/SupplementaryCharacterData
Event: 83.573 Loading class sun/text/SupplementaryCharacterData done
Event: 217.880 Loading class jdk/internal/misc/Signal$1
Event: 217.881 Loading class jdk/internal/misc/Signal$1 done

Classes unloaded (0 events):
No events

Classes redefined (0 events):
No events

Internal exceptions (20 events):
Event: 2.586 Thread 0x0000019805b68160 Exception <a 'java/io/FileNotFoundException'{0x0000000712a389f8}> (0x0000000712a389f8) 
thrown [s\open\src\hotspot\share\prims\jni.cpp, line 520]
Event: 2.586 Thread 0x0000019805b68160 Exception <a 'java/io/FileNotFoundException'{0x0000000712a3a118}> (0x0000000712a3a118) 
thrown [s\open\src\hotspot\share\prims\jni.cpp, line 520]
Event: 2.600 Thread 0x0000019805b68160 Exception <a 'java/lang/NoSuchMethodError'{0x0000000712a68178}: 'java.lang.Object java.lang.invoke.DirectMethodHandle$Holder.newInvokeSpecial(java.lang.Object, java.lang.Object, int)'> (0x0000000712a68178) 
thrown [s\open\src\hotspot\share\interpreter\linkResolver.cpp, line 796]
Event: 2.656 Thread 0x0000019805872440 Exception <a 'java/lang/NoSuchMethodError'{0x0000000712b976e0}: 'int java.lang.invoke.DirectMethodHandle$Holder.invokeStaticInit(java.lang.Object, java.lang.Object)'> (0x0000000712b976e0) 
thrown [s\open\src\hotspot\share\interpreter\linkResolver.cpp, line 796]
Event: 2.658 Thread 0x0000019805b68160 Exception <a 'java/lang/NoSuchMethodError'{0x0000000712b818e0}: 'long java.lang.invoke.DirectMethodHandle$Holder.invokeStatic(java.lang.Object, java.lang.Object, java.lang.Object)'> (0x0000000712b818e0) 
thrown [s\open\src\hotspot\share\interpreter\linkResolver.cpp, line 796]
Event: 2.658 Thread 0x0000019805b68160 Exception <a 'java/lang/NoSuchMethodError'{0x0000000712bdc928}: 'long java.lang.invoke.DirectMethodHandle$Holder.invokeStaticInit(java.lang.Object, java.lang.Object, java.lang.Object)'> (0x0000000712bdc928) 
thrown [s\open\src\hotspot\share\interpreter\linkResolver.cpp, line 796]
Event: 2.660 Thread 0x0000019805b68160 Exception <a 'java/lang/NoSuchMethodError'{0x0000000712bf1750}: 'java.lang.Object java.lang.invoke.DirectMethodHandle$Holder.newInvokeSpecial(java.lang.Object, java.lang.Object, long)'> (0x0000000712bf1750) 
thrown [s\open\src\hotspot\share\interpreter\linkResolver.cpp, line 796]
Event: 2.660 Thread 0x0000019805b68160 Exception <a 'java/lang/NoSuchMethodError'{0x0000000712bf50b0}: 'java.lang.Object java.lang.invoke.Invokers$Holder.linkToTargetMethod(java.lang.Object, long, java.lang.Object)'> (0x0000000712bf50b0) 
thrown [s\open\src\hotspot\share\interpreter\linkResolver.cpp, line 796]
Event: 2.807 Thread 0x0000019805872440 Exception <a 'java/lang/NoSuchMethodError'{0x00000007122b50c0}: 'java.lang.Object java.lang.invoke.DirectMethodHandle$Holder.invokeStaticInit(java.lang.Object, int)'> (0x00000007122b50c0) 
thrown [s\open\src\hotspot\share\interpreter\linkResolver.cpp, line 796]
Event: 15.329 Thread 0x0000019805b68160 Implicit null exception at 0x00000197b05de0ce to 0x00000197b05de154
Event: 15.341 Thread 0x0000019805b68160 Exception <a 'java/lang/NoSuchMethodError'{0x0000000706a56e08}: 'java.lang.Object java.lang.invoke.DirectMethodHandle$Holder.newInvokeSpecial(java.lang.Object, java.lang.Object, java.lang.Object, java.lang.Object, java.lang.Object, java.lang.Object, java.lang.Object)'> (0x0000000706a56e08) 
thrown [s\open\src\hotspot\share\interpreter\linkResolver.cpp, line 796]
Event: 15.458 Thread 0x0000019805b68160 Exception <a 'java/lang/NoSuchMethodError'{0x000000070660e038}: 'void java.lang.invoke.DirectMethodHandle$Holder.invokeSpecial(java.lang.Object, java.lang.Object, int, int)'> (0x000000070660e038) 
thrown [s\open\src\hotspot\share\interpreter\linkResolver.cpp, line 796]
Event: 15.458 Thread 0x0000019805b68160 Exception <a 'java/lang/NoSuchMethodError'{0x0000000706614170}: 'java.lang.Object java.lang.invoke.DirectMethodHandle$Holder.newInvokeSpecial(java.lang.Object, java.lang.Object, int, int)'> (0x0000000706614170) 
thrown [s\open\src\hotspot\share\interpreter\linkResolver.cpp, line 796]
Event: 15.458 Thread 0x0000019805b68160 Exception <a 'java/lang/NoSuchMethodError'{0x00000007066183c8}: 'java.lang.Object java.lang.invoke.DirectMethodHandle$Holder.invokeSpecial(java.lang.Object, java.lang.Object, java.lang.Object, int, int)'> (0x00000007066183c8) 
thrown [s\open\src\hotspot\share\interpreter\linkResolver.cpp, line 796]
Event: 23.793 Thread 0x0000019805b68160 Implicit null exception at 0x00000197b061993d to 0x00000197b061a0d0
Event: 34.215 Thread 0x0000019805b68160 Exception <a 'java/io/FileNotFoundException'{0x0000000705fd2e98}> (0x0000000705fd2e98) 
thrown [s\open\src\hotspot\share\prims\jni.cpp, line 520]
Event: 34.215 Thread 0x0000019805b68160 Exception <a 'java/io/FileNotFoundException'{0x0000000705fd54e8}> (0x0000000705fd54e8) 
thrown [s\open\src\hotspot\share\prims\jni.cpp, line 520]
Event: 34.216 Thread 0x0000019805b68160 Exception <a 'java/io/FileNotFoundException'{0x0000000705fd7b50}> (0x0000000705fd7b50) 
thrown [s\open\src\hotspot\share\prims\jni.cpp, line 520]
Event: 34.217 Thread 0x0000019805b68160 Exception <a 'java/io/FileNotFoundException'{0x0000000705fda198}> (0x0000000705fda198) 
thrown [s\open\src\hotspot\share\prims\jni.cpp, line 520]
Event: 64.832 Thread 0x0000019805872440 Implicit null exception at 0x00000197b071f5ba to 0x00000197b071f64c

VM Operations (20 events):
Event: 8.439 Executing VM operation: G1PauseRemark done
Event: 8.441 Executing VM operation: G1PauseCleanup
Event: 8.441 Executing VM operation: G1PauseCleanup done
Event: 37.101 Executing VM operation: HandshakeAllThreads (Deoptimize)
Event: 37.101 Executing VM operation: HandshakeAllThreads (Deoptimize) done
Event: 37.120 Executing VM operation: HandshakeAllThreads (Deoptimize)
Event: 37.120 Executing VM operation: HandshakeAllThreads (Deoptimize) done
Event: 60.231 Executing VM operation: HandshakeAllThreads (HandshakeForDeflation)
Event: 60.231 Executing VM operation: HandshakeAllThreads (HandshakeForDeflation) done
Event: 60.231 Executing VM operation: RendezvousGCThreads
Event: 60.231 Executing VM operation: RendezvousGCThreads done
Event: 64.757 Executing VM operation: G1CollectForAllocation (G1 Evacuation Pause)
Event: 64.764 Executing VM operation: G1CollectForAllocation (G1 Evacuation Pause) done
Event: 83.571 Executing VM operation: HandshakeAllThreads (Deoptimize)
Event: 83.572 Executing VM operation: HandshakeAllThreads (Deoptimize) done
Event: 120.349 Executing VM operation: HandshakeAllThreads (HandshakeForDeflation)
Event: 120.349 Executing VM operation: HandshakeAllThreads (HandshakeForDeflation) done
Event: 120.349 Executing VM operation: RendezvousGCThreads
Event: 120.349 Executing VM operation: RendezvousGCThreads done
Event: 218.082 Executing VM operation: Exit

Memory protections (0 events):
No events

Nmethod flushes (0 events):
No events

Events (20 events):
Event: 24.517 Thread 0x000001980be0f290 Thread exited: 0x000001980be0f290
Event: 34.205 Thread 0x0000019805002970 Thread added: 0x000001980c2e6850
Event: 36.829 Thread 0x000001980c2e6850 Thread exited: 0x000001980c2e6850
Event: 37.138 Thread 0x0000019805002970 Thread added: 0x000001980c2e6850
Event: 39.919 Thread 0x000001980c2e6850 Thread exited: 0x000001980c2e6850
Event: 46.433 Thread 0x0000019805002970 Thread added: 0x000001980abd4820
Event: 46.741 Thread 0x000001980abd4820 Thread exited: 0x000001980abd4820
Event: 53.616 Thread 0x00000197bf77c6f0 Thread added: 0x00000198054fe5a0
Event: 54.258 Thread 0x00000198054fe5a0 Thread exited: 0x00000198054fe5a0
Event: 64.791 Thread 0x0000019805002970 Thread added: 0x000001980ffa2070
Event: 66.681 Thread 0x000001980ffa2070 Thread exited: 0x000001980ffa2070
Event: 75.145 Thread 0x0000019805002970 Thread added: 0x000001980ab21480
Event: 75.713 Thread 0x000001980ab21480 Thread exited: 0x000001980ab21480
Event: 217.904 Thread 0x00000197bf772f70 Thread added: 0x000001980aac1880
Event: 218.002 Thread 0x000001980aac1880 Thread added: 0x000001980be1b180
Event: 218.002 Thread 0x000001980aac1880 Thread added: 0x000001980be1bea0
Event: 218.050 Thread 0x000001980be1b180 Thread exited: 0x000001980be1b180
Event: 218.070 Thread 0x000001980be1bea0 Thread exited: 0x000001980be1bea0
Event: 218.081 Thread 0x000001980aac1880 Before exit entered
Event: 218.082 Thread 0x00000197bf772f70 Thread exited: 0x00000197bf772f70


Dynamic libraries:
0x00007ff7d4920000 - 0x00007ff7d492e000 	C:\Users\21658\.jdks\openjdk-23.0.2\bin\java.exe
0x00007ffb916e0000 - 0x00007ffb91947000 	C:\WINDOWS\SYSTEM32\ntdll.dll
0x00007ffb90d30000 - 0x00007ffb90df9000 	C:\WINDOWS\System32\KERNEL32.DLL
0x00007ffb8f040000 - 0x00007ffb8f434000 	C:\WINDOWS\System32\KERNELBASE.dll
0x00007ffb8e3c0000 - 0x00007ffb8e50b000 	C:\WINDOWS\System32\ucrtbase.dll
0x00007ffb70840000 - 0x00007ffb7085b000 	C:\Users\21658\.jdks\openjdk-23.0.2\bin\VCRUNTIME140.dll
0x00007ffb6e8e0000 - 0x00007ffb6e8f7000 	C:\Users\21658\.jdks\openjdk-23.0.2\bin\jli.dll
0x00007ffb90620000 - 0x00007ffb907e5000 	C:\WINDOWS\System32\USER32.dll
0x00007ffb8f440000 - 0x00007ffb8f467000 	C:\WINDOWS\System32\win32u.dll
0x00007ffb70440000 - 0x00007ffb706d3000 	C:\WINDOWS\WinSxS\amd64_microsoft.windows.common-controls_6595b64144ccf1df_6.0.26100.8115_none_3e075c82e3354f9c\COMCTL32.dll
0x00007ffb90400000 - 0x00007ffb9042b000 	C:\WINDOWS\System32\GDI32.dll
0x00007ffb90e50000 - 0x00007ffb90ef9000 	C:\WINDOWS\System32\msvcrt.dll
0x00007ffb8e1e0000 - 0x00007ffb8e30a000 	C:\WINDOWS\System32\gdi32full.dll
0x00007ffb8dfb0000 - 0x00007ffb8e053000 	C:\WINDOWS\System32\msvcp_win.dll
0x00007ffb8f490000 - 0x00007ffb8f4c2000 	C:\WINDOWS\System32\IMM32.DLL
0x00007ffb81370000 - 0x00007ffb8137c000 	C:\Users\21658\.jdks\openjdk-23.0.2\bin\vcruntime140_1.dll
0x00007ffb3dec0000 - 0x00007ffb3df4e000 	C:\Users\21658\.jdks\openjdk-23.0.2\bin\msvcp140.dll
0x00007ffb2c140000 - 0x00007ffb2ce90000 	C:\Users\21658\.jdks\openjdk-23.0.2\bin\server\jvm.dll
0x00007ffb907f0000 - 0x00007ffb908a6000 	C:\WINDOWS\System32\ADVAPI32.dll
0x00007ffb8fe40000 - 0x00007ffb8fee7000 	C:\WINDOWS\System32\sechost.dll
0x00007ffb90500000 - 0x00007ffb90618000 	C:\WINDOWS\System32\RPCRT4.dll
0x00007ffb91610000 - 0x00007ffb91690000 	C:\WINDOWS\System32\WS2_32.dll
0x00007ffb874b0000 - 0x00007ffb874bb000 	C:\WINDOWS\SYSTEM32\VERSION.dll
0x00007ffb8de10000 - 0x00007ffb8de6e000 	C:\WINDOWS\SYSTEM32\POWRPROF.dll
0x00007ffb7e8a0000 - 0x00007ffb7e8d6000 	C:\WINDOWS\SYSTEM32\WINMM.dll
0x00007ffb8ddf0000 - 0x00007ffb8de04000 	C:\WINDOWS\SYSTEM32\UMPDC.dll
0x00007ffb8cd10000 - 0x00007ffb8cd2b000 	C:\WINDOWS\SYSTEM32\kernel.appcore.dll
0x00007ffb7fe50000 - 0x00007ffb7fe5a000 	C:\Users\21658\.jdks\openjdk-23.0.2\bin\jimage.dll
0x00007ffb8bd80000 - 0x00007ffb8bfc2000 	C:\WINDOWS\SYSTEM32\DBGHELP.DLL
0x00007ffb90060000 - 0x00007ffb903e2000 	C:\WINDOWS\System32\combase.dll
0x00007ffb90f00000 - 0x00007ffb90fd7000 	C:\WINDOWS\System32\OLEAUT32.dll
0x00007ffb6e590000 - 0x00007ffb6e5cb000 	C:\WINDOWS\SYSTEM32\dbgcore.DLL
0x00007ffb8e310000 - 0x00007ffb8e3b5000 	C:\WINDOWS\System32\bcryptPrimitives.dll
0x00007ffb7fd20000 - 0x00007ffb7fd2f000 	C:\Users\21658\.jdks\openjdk-23.0.2\bin\instrument.dll
0x00007ffb6dc70000 - 0x00007ffb6dc8e000 	C:\Users\21658\.jdks\openjdk-23.0.2\bin\java.dll
0x00007ffb8fc40000 - 0x00007ffb8fdd7000 	C:\WINDOWS\System32\ole32.dll
0x00007ffb8f4d0000 - 0x00007ffb8fc36000 	C:\WINDOWS\System32\SHELL32.dll
0x00007ffb8eed0000 - 0x00007ffb8f03a000 	C:\WINDOWS\System32\wintypes.dll
0x00007ffb8e660000 - 0x00007ffb8eec5000 	C:\WINDOWS\System32\windows.storage.dll
0x00007ffb90a90000 - 0x00007ffb90b87000 	C:\WINDOWS\System32\SHCORE.dll
0x00007ffb90c10000 - 0x00007ffb90c76000 	C:\WINDOWS\System32\shlwapi.dll
0x00007ffb8ded0000 - 0x00007ffb8def9000 	C:\WINDOWS\SYSTEM32\profapi.dll
0x00007ffb33b50000 - 0x00007ffb33c27000 	C:\Users\21658\.jdks\openjdk-23.0.2\bin\jsvml.dll
0x00007ffb6dc30000 - 0x00007ffb6dc47000 	C:\Users\21658\.jdks\openjdk-23.0.2\bin\zip.dll
0x00007ffb7d3e0000 - 0x00007ffb7d3f0000 	C:\Users\21658\.jdks\openjdk-23.0.2\bin\net.dll
0x00007ffb8d290000 - 0x00007ffb8d2fc000 	C:\WINDOWS\system32\mswsock.dll
0x00007ffb6dc50000 - 0x00007ffb6dc66000 	C:\Users\21658\.jdks\openjdk-23.0.2\bin\nio.dll
0x00007ffb6d970000 - 0x00007ffb6d98a000 	C:\Program Files\JetBrains\IntelliJ IDEA 2024.2.1\bin\breakgen64.dll
0x00007ffb6e8d0000 - 0x00007ffb6e8d9000 	C:\Users\21658\.jdks\openjdk-23.0.2\bin\extnet.dll
0x000001979eaf0000 - 0x000001979eaf3000 	C:\Users\21658\.openjfx\cache\17.0.6\api-ms-win-core-console-l1-1-0.dll
0x000001979eb00000 - 0x000001979eb03000 	C:\Users\21658\.openjfx\cache\17.0.6\api-ms-win-core-console-l1-2-0.dll
0x000001979eb10000 - 0x000001979eb13000 	C:\Users\21658\.openjfx\cache\17.0.6\api-ms-win-core-datetime-l1-1-0.dll
0x00000197bfdf0000 - 0x00000197bfdf3000 	C:\Users\21658\.openjfx\cache\17.0.6\api-ms-win-core-debug-l1-1-0.dll
0x00000197bfe00000 - 0x00000197bfe03000 	C:\Users\21658\.openjfx\cache\17.0.6\api-ms-win-core-errorhandling-l1-1-0.dll
0x00000197bfe10000 - 0x00000197bfe14000 	C:\Users\21658\.openjfx\cache\17.0.6\api-ms-win-core-file-l1-1-0.dll
0x00000197bfe20000 - 0x00000197bfe23000 	C:\Users\21658\.openjfx\cache\17.0.6\api-ms-win-core-file-l1-2-0.dll
0x00000197bfe30000 - 0x00000197bfe33000 	C:\Users\21658\.openjfx\cache\17.0.6\api-ms-win-core-file-l2-1-0.dll
0x00000197bfe40000 - 0x00000197bfe43000 	C:\Users\21658\.openjfx\cache\17.0.6\api-ms-win-core-handle-l1-1-0.dll
0x00000197bfe50000 - 0x00000197bfe53000 	C:\Users\21658\.openjfx\cache\17.0.6\api-ms-win-core-heap-l1-1-0.dll
0x00000197bfe60000 - 0x00000197bfe63000 	C:\Users\21658\.openjfx\cache\17.0.6\api-ms-win-core-interlocked-l1-1-0.dll
0x00000197bfe70000 - 0x00000197bfe73000 	C:\Users\21658\.openjfx\cache\17.0.6\api-ms-win-core-libraryloader-l1-1-0.dll
0x00000197bfe80000 - 0x00000197bfe83000 	C:\Users\21658\.openjfx\cache\17.0.6\api-ms-win-core-localization-l1-2-0.dll
0x00000197bfe90000 - 0x00000197bfe93000 	C:\Users\21658\.openjfx\cache\17.0.6\api-ms-win-core-memory-l1-1-0.dll
0x00000197bfea0000 - 0x00000197bfea3000 	C:\Users\21658\.openjfx\cache\17.0.6\api-ms-win-core-namedpipe-l1-1-0.dll
0x00000197bfeb0000 - 0x00000197bfeb3000 	C:\Users\21658\.openjfx\cache\17.0.6\api-ms-win-core-processenvironment-l1-1-0.dll
0x00000197bfec0000 - 0x00000197bfec3000 	C:\Users\21658\.openjfx\cache\17.0.6\api-ms-win-core-processthreads-l1-1-0.dll
0x00000197bfed0000 - 0x00000197bfed3000 	C:\Users\21658\.openjfx\cache\17.0.6\api-ms-win-core-processthreads-l1-1-1.dll
0x00000197bfee0000 - 0x00000197bfee3000 	C:\Users\21658\.openjfx\cache\17.0.6\api-ms-win-core-profile-l1-1-0.dll
0x00000197bfef0000 - 0x00000197bfef3000 	C:\Users\21658\.openjfx\cache\17.0.6\api-ms-win-core-rtlsupport-l1-1-0.dll
0x00000197bff00000 - 0x00000197bff03000 	C:\Users\21658\.openjfx\cache\17.0.6\api-ms-win-core-string-l1-1-0.dll
0x00000197bff10000 - 0x00000197bff13000 	C:\Users\21658\.openjfx\cache\17.0.6\api-ms-win-core-synch-l1-1-0.dll
0x00000197bff20000 - 0x00000197bff23000 	C:\Users\21658\.openjfx\cache\17.0.6\api-ms-win-core-synch-l1-2-0.dll
0x00000197bff30000 - 0x00000197bff33000 	C:\Users\21658\.openjfx\cache\17.0.6\api-ms-win-core-sysinfo-l1-1-0.dll
0x00000197bff40000 - 0x00000197bff43000 	C:\Users\21658\.openjfx\cache\17.0.6\api-ms-win-core-timezone-l1-1-0.dll
0x00000197bff50000 - 0x00000197bff53000 	C:\Users\21658\.openjfx\cache\17.0.6\api-ms-win-core-util-l1-1-0.dll
0x00000197bff60000 - 0x00000197bff63000 	C:\Users\21658\.openjfx\cache\17.0.6\api-ms-win-crt-conio-l1-1-0.dll
0x00000197bff70000 - 0x00000197bff74000 	C:\Users\21658\.openjfx\cache\17.0.6\api-ms-win-crt-convert-l1-1-0.dll
0x00000197bff80000 - 0x00000197bff83000 	C:\Users\21658\.openjfx\cache\17.0.6\api-ms-win-crt-environment-l1-1-0.dll
0x00000197bff90000 - 0x00000197bff93000 	C:\Users\21658\.openjfx\cache\17.0.6\api-ms-win-crt-filesystem-l1-1-0.dll
0x00000197bffa0000 - 0x00000197bffa3000 	C:\Users\21658\.openjfx\cache\17.0.6\api-ms-win-crt-heap-l1-1-0.dll
0x00000197bffb0000 - 0x00000197bffb3000 	C:\Users\21658\.openjfx\cache\17.0.6\api-ms-win-crt-locale-l1-1-0.dll
0x00000197bffc0000 - 0x00000197bffc5000 	C:\Users\21658\.openjfx\cache\17.0.6\api-ms-win-crt-math-l1-1-0.dll
0x00000197bffd0000 - 0x00000197bffd5000 	C:\Users\21658\.openjfx\cache\17.0.6\api-ms-win-crt-multibyte-l1-1-0.dll
0x00000197bffe0000 - 0x00000197bfff0000 	C:\Users\21658\.openjfx\cache\17.0.6\api-ms-win-crt-private-l1-1-0.dll
0x00000197bfff0000 - 0x00000197bfff3000 	C:\Users\21658\.openjfx\cache\17.0.6\api-ms-win-crt-process-l1-1-0.dll
0x0000019805c00000 - 0x0000019805c04000 	C:\Users\21658\.openjfx\cache\17.0.6\api-ms-win-crt-runtime-l1-1-0.dll
0x0000019805c10000 - 0x0000019805c14000 	C:\Users\21658\.openjfx\cache\17.0.6\api-ms-win-crt-stdio-l1-1-0.dll
0x0000019805c20000 - 0x0000019805c24000 	C:\Users\21658\.openjfx\cache\17.0.6\api-ms-win-crt-string-l1-1-0.dll
0x0000019805c30000 - 0x0000019805c33000 	C:\Users\21658\.openjfx\cache\17.0.6\api-ms-win-crt-time-l1-1-0.dll
0x0000019805c40000 - 0x0000019805c43000 	C:\Users\21658\.openjfx\cache\17.0.6\api-ms-win-crt-utility-l1-1-0.dll
0x00007ffb32970000 - 0x00007ffb32a6c000 	C:\Users\21658\.openjfx\cache\17.0.6\ucrtbase.dll
0x00007ffb49dc0000 - 0x00007ffb49dda000 	C:\Users\21658\.openjfx\cache\17.0.6\vcruntime140.dll
0x00007ffb68f20000 - 0x00007ffb68f2c000 	C:\Users\21658\.openjfx\cache\17.0.6\vcruntime140_1.dll
0x00007ffb328e0000 - 0x00007ffb3296d000 	C:\Users\21658\.openjfx\cache\17.0.6\msvcp140.dll
0x00007ffb60600000 - 0x00007ffb60609000 	C:\Users\21658\.openjfx\cache\17.0.6\msvcp140_1.dll
0x00007ffb48270000 - 0x00007ffb4829f000 	C:\Users\21658\.openjfx\cache\17.0.6\msvcp140_2.dll
0x00007ffb3f3a0000 - 0x00007ffb3f3ca000 	C:\Users\21658\.openjfx\cache\17.0.6\prism_d3d.dll
0x00007ffb13bf0000 - 0x00007ffb13da2000 	C:\WINDOWS\system32\d3d9.dll
0x00007ffb8b7d0000 - 0x00007ffb8b7ff000 	C:\WINDOWS\SYSTEM32\dwmapi.dll
0x00007ffb8b610000 - 0x00007ffb8b653000 	C:\WINDOWS\SYSTEM32\dxcore.dll
0x00007ffb8b530000 - 0x00007ffb8b5d9000 	C:\WINDOWS\system32\uxtheme.dll
0x00007ffb13a40000 - 0x00007ffb13bec000 	C:\WINDOWS\System32\DriverStore\FileRepository\iigd_dch.inf_amd64_237b1b6e9066be9c\igdumdim64.dll
0x00007ffae46a0000 - 0x00007ffae8efb000 	C:\WINDOWS\System32\DriverStore\FileRepository\iigd_dch.inf_amd64_237b1b6e9066be9c\igd9dxva64.dll
0x00007ffb91080000 - 0x00007ffb91507000 	C:\WINDOWS\System32\SETUPAPI.dll
0x00007ffb8db20000 - 0x00007ffb8db71000 	C:\WINDOWS\SYSTEM32\cfgmgr32.dll
0x00007ffb780d0000 - 0x00007ffb784da000 	C:\WINDOWS\System32\DriverStore\FileRepository\iigd_dch.inf_amd64_237b1b6e9066be9c\igdgmm64.dll
0x00007ffb868d0000 - 0x00007ffb86931000 	C:\WINDOWS\SYSTEM32\directxdatabasehelper.dll
0x00007ffb32890000 - 0x00007ffb328d2000 	C:\Users\21658\.openjfx\cache\17.0.6\glass.dll
0x00007ffb91510000 - 0x00007ffb915ff000 	C:\WINDOWS\System32\COMDLG32.dll
0x00007ffb8fef0000 - 0x00007ffb9004c000 	C:\WINDOWS\System32\MSCTF.dll
0x00007ffb6fee0000 - 0x00007ffb6ff07000 	C:\WINDOWS\System32\DriverStore\FileRepository\iigd_dch.inf_amd64_237b1b6e9066be9c\igdinfo64.dll
0x00007ffb73a60000 - 0x00007ffb780d0000 	C:\WINDOWS\System32\DriverStore\FileRepository\iigd_dch.inf_amd64_237b1b6e9066be9c\igc64.dll
0x00007ffb48690000 - 0x00007ffb486a4000 	C:\Users\21658\.openjfx\cache\17.0.6\javafx_font.dll
0x00007ffb89fc0000 - 0x00007ffb8a227000 	C:\WINDOWS\SYSTEM32\dwrite.dll
0x00007ffb90440000 - 0x00007ffb904ee000 	C:\WINDOWS\System32\clbcatq.dll
0x00007ffb89d80000 - 0x00007ffb89fae000 	C:\WINDOWS\SYSTEM32\WindowsCodecs.dll
0x00007ffb86f00000 - 0x00007ffb86f5a000 	C:\WINDOWS\system32\dataexchange.dll
0x00007ffb7d750000 - 0x00007ffb7d99d000 	C:\WINDOWS\system32\twinapi.appcore.dll
0x00007ffb33ae0000 - 0x00007ffb33b0c000 	C:\Program Files\Common Files\Microsoft Shared\Ink\rtscom.dll
0x00007ffb7bfd0000 - 0x00007ffb7c118000 	C:\WINDOWS\SYSTEM32\textinputframework.dll
0x00007ffb8b150000 - 0x00007ffb8b277000 	C:\WINDOWS\SYSTEM32\CoreMessaging.dll
0x00007ffb7b120000 - 0x00007ffb7b402000 	C:\WINDOWS\SYSTEM32\CoreUIComponents.dll
0x00007ffb8d5b0000 - 0x00007ffb8d5bc000 	C:\WINDOWS\SYSTEM32\CRYPTBASE.DLL

dbghelp: loaded successfully - version: 4.0.5 - missing functions: none
symbol engine: initialized successfully - sym options: 0x614 - pdb path: .;C:\Users\21658\.jdks\openjdk-23.0.2\bin;C:\WINDOWS\SYSTEM32;C:\WINDOWS\WinSxS\amd64_microsoft.windows.common-controls_6595b64144ccf1df_6.0.26100.8115_none_3e075c82e3354f9c;C:\Users\21658\.jdks\openjdk-23.0.2\bin\server;C:\Program Files\JetBrains\IntelliJ IDEA 2024.2.1\bin;C:\Users\21658\.openjfx\cache\17.0.6;C:\WINDOWS\System32\DriverStore\FileRepository\iigd_dch.inf_amd64_237b1b6e9066be9c;C:\WINDOWS\System32\DriverStore\FileRepository\nvhm.inf_amd64_ec310e9a59aa5c7b;C:\Program Files\Common Files\Microsoft Shared\Ink

VM Arguments:
jvm_args: -javaagent:C:\Program Files\JetBrains\IntelliJ IDEA 2024.2.1\lib\idea_rt.jar=62020:C:\Program Files\JetBrains\IntelliJ IDEA 2024.2.1\bin -Dfile.encoding=UTF-8 -Dsun.stdout.encoding=UTF-8 -Dsun.stderr.encoding=UTF-8 
java_command: org.example.Launcher
java_class_path (initial): C:\Users\21658\OneDrive\Bureau\pidev yasmine\target\classes;C:\Users\21658\.m2\repository\org\openjfx\javafx-controls\17.0.6\javafx-controls-17.0.6.jar;C:\Users\21658\.m2\repository\org\openjfx\javafx-controls\17.0.6\javafx-controls-17.0.6-win.jar;C:\Users\21658\.m2\repository\org\openjfx\javafx-graphics\17.0.6\javafx-graphics-17.0.6.jar;C:\Users\21658\.m2\repository\org\openjfx\javafx-graphics\17.0.6\javafx-graphics-17.0.6-win.jar;C:\Users\21658\.m2\repository\org\openjfx\javafx-base\17.0.6\javafx-base-17.0.6.jar;C:\Users\21658\.m2\repository\org\openjfx\javafx-base\17.0.6\javafx-base-17.0.6-win.jar;C:\Users\21658\.m2\repository\org\openjfx\javafx-fxml\17.0.6\javafx-fxml-17.0.6.jar;C:\Users\21658\.m2\repository\org\openjfx\javafx-fxml\17.0.6\javafx-fxml-17.0.6-win.jar;C:\Users\21658\.m2\repository\com\mysql\mysql-connector-j\8.0.33\mysql-connector-j-8.0.33.jar;C:\Users\21658\.m2\repository\com\google\protobuf\protobuf-java\3.21.9\protobuf-java-3.21.9.jar;C:\Users\21658\.m2\repository\com\google\code\gson\gson\2.10.1\gson-2.10.1.jar;C:\Users\21658\.m2\repository\com\github\librepdf\openpdf\1.3.30\openpdf-1.3.30.jar;C:\Users\21658\.m2\repository\com\google\code\findbugs\jsr305\3.0.2\jsr305-3.0.2.jar
Launcher Type: SUN_STANDARD

[Global flags]
     intx CICompilerCount                          = 4                                         {product} {ergonomic}
     uint ConcGCThreads                            = 2                                         {product} {ergonomic}
     uint G1ConcRefinementThreads                  = 8                                         {product} {ergonomic}
   size_t G1HeapRegionSize                         = 2097152                                   {product} {ergonomic}
   size_t InitialHeapSize                          = 266338304                                 {product} {ergonomic}
   size_t MarkStackSize                            = 4194304                                   {product} {ergonomic}
   size_t MarkStackSizeMax                         = 536870912                                 {product} {ergonomic}
   size_t MaxHeapSize                              = 4229955584                                {product} {ergonomic}
   size_t MaxNewSize                               = 2537553920                                {product} {ergonomic}
   size_t MinHeapDeltaBytes                        = 2097152                                   {product} {ergonomic}
   size_t MinHeapSize                              = 8388608                                   {product} {ergonomic}
    uintx NonNMethodCodeHeapSize                   = 5832704                                {pd product} {ergonomic}
    uintx NonProfiledCodeHeapSize                  = 122945536                              {pd product} {ergonomic}
    uintx ProfiledCodeHeapSize                     = 122880000                              {pd product} {ergonomic}
    uintx ReservedCodeCacheSize                    = 251658240                              {pd product} {ergonomic}
     bool SegmentedCodeCache                       = true                                      {product} {ergonomic}
   size_t SoftMaxHeapSize                          = 4229955584                             {manageable} {ergonomic}
     bool UseCompressedOops                        = true                           {product lp64_product} {ergonomic}
     bool UseG1GC                                  = true                                      {product} {ergonomic}
     bool UseLargePagesIndividualAllocation        = false                                  {pd product} {ergonomic}

Logging:
Log output configuration:
 #0: stdout all=off uptime,level,tags foldmultilines=false
 #1: stderr all=off uptime,level,tags foldmultilines=false

Environment Variables:
PATH=C:\Program Files (x86)\VMware\VMware Workstation\bin\;C:\oraclexe\app\oracle\product\11.2.0\server\bin;C:\Program Files (x86)\Common Files\Intel\Shared Libraries\redist\intel64\compiler;C:\Program Files (x86)\Common Files\Oracle\Java\javapath;C:\windows\system32;C:\windows;C:\windows\System32\Wbem;C:\windows\System32\WindowsPowerShell\v1.0\;C:\windows\System32\OpenSSH\;C:\Program Files (x86)\NVIDIA Corporation\PhysX\Common;C:\Program Files\NVIDIA Corporation\NVIDIA NvDLISR;C:\WINDOWS\system32;C:\WINDOWS;C:\WINDOWS\System32\Wbem;C:\WINDOWS\System32\WindowsPowerShell\v1.0\;C:\WINDOWS\System32\OpenSSH\;C:\Program Files\dotnet\;C:\Program Files\Git\cmd;C:\oraclexe;C:\oraclexe\app\oracle\admin\XE;C:\instantclient12_2;c:\Users\21658\AppData\Local\Programs\cursor\resources\app\bin;C:\Program Files\PowerShell\7-preview\preview;C:\WINDOWS\system32;C:\WINDOWS;C:\WINDOWS\System32\Wbem;C:\WINDOWS\System32\WindowsPowerShell\v1.0\;C:\WINDOWS\System32\OpenSSH\;C:\Program Files\nodejs\;C:\Program Files\Vagrant\bin;C:\Program Files\MongoDB\Server\6.0\bin;C:\Program Files\PowerShell\7\;C:\Program Files\Docker\Docker\resources\bin;C:\Program Files\Microsoft SQL Server\170\Tools\Binn\;C:\Program Files\Microsoft SQL Server\Client SDK\ODBC\170\Tools\Binn\;C:\Users\21658\scoop\shims;C:\Users\21658\AppData\Local\Microsoft\WindowsApps;C:\Users\21658\AppData\Local\Programs\Microsoft VS Code\bin;C:\xampp\php;C:\Users\21658\AppData\Local\ComposerSetup\bin;C:\Users\21658\AppData\Roaming\Composer\vendor\bin;C:\Users\21658\.jdks\jbr-17.0.12\bin;C:\Users\21658\AppData\Local\Programs\cursor\resources\app\bin;C:\Users\21658\AppData\Roaming\npm;C:\Users\21658\AppData\Local\Pandoc\;C:\Users\21658\AppData\Local\Programs\Antigravity\bin;C:\Users\21658\AppData\Local\GitHubDesktop\bin;C:\Users\21658\.dotnet\tools
USERNAME=21658
OS=Windows_NT
PROCESSOR_IDENTIFIER=Intel64 Family 6 Model 140 Stepping 1, GenuineIntel
TMP=C:\Users\21658\AppData\Local\Temp
TEMP=C:\Users\21658\AppData\Local\Temp




Periodic native trim disabled

---------------  S Y S T E M  ---------------

OS:
 Windows 11 , 64 bit Build 26100 (10.0.26100.8115)
OS uptime: 4 days 15:46 hours
Hyper-V role detected

CPU: total 8 (initial active 8) (4 cores per cpu, 2 threads per core) family 6 model 140 stepping 1 microcode 0xb6, cx8, cmov, fxsr, ht, mmx, 3dnowpref, sse, sse2, sse3, ssse3, sse4.1, sse4.2, popcnt, lzcnt, tsc, tscinvbit, avx, avx2, aes, erms, clmul, bmi1, bmi2, adx, avx512f, avx512dq, avx512cd, avx512bw, avx512vl, sha, fma, vzeroupper, avx512_vpopcntdq, avx512_vpclmulqdq, avx512_vaes, avx512_vnni, clflush, clflushopt, clwb, avx512_vbmi2, avx512_vbmi, hv, rdtscp, rdpid, fsrm, gfni, avx512_bitalg, f16c, cet_ibt, cet_ss, avx512_ifma
Processor Information for the first 8 processors :
  Max Mhz: 3302, Current Mhz: 3302, Mhz Limit: 3302

Memory: 4k page, system-wide physical 16129M (2056M free)
TotalPageFile size 36946M (AvailPageFile size 3108M)
current process WorkingSet (physical memory assigned to process): 216M, peak: 318M
current process commit charge ("private bytes"): 320M, peak: 491M

vm_info: OpenJDK 64-Bit Server VM (23.0.2+7-58) for windows-amd64 JRE (23.0.2+7-58), built on 2024-11-29T09:34:55Z with MS VC++ 17.6 (VS2022)

END.
